Overflødig: henter inn database info to ganger